// Jest Snapshot v1, https://goo.gl/fbAQLP

exports[`Button Test Snapshot 1`] = `
<button
  className="btn red ghost"
  data-testid="cButton"
>
  Counter
</button>
`;
